[    1104ms] [INFO] %cDownload the React DevTools for a better development experience: https://reactjs.org/link/react-devtools font-weight:bold @ webpack-internal:///(app-pages-browser)/./node_modules/next/dist/compiled/react-dom/cjs/react-dom.development.js:38559
[    3464ms] [LOG] %c
 ██████╗  █████╗ ██████╗ ██████╗ ██╗███████╗██╗        
██╔════╝ ██╔══██╗██╔══██╗██╔══██╗██║██╔════╝██║         
██║  ███╗███████║██████╔╝██████╔╝██║█████╗  ██║         
██║   ██║██╔══██║██╔══██╗██╔══██╗██║██╔══╝  ██║         
╚██████╔╝██║  ██║██████╔╝██║  ██║██║███████╗███████╗    
 ╚═════╝ ╚═╝  ╚═╝╚═════╝ ╚═╝  ╚═╝╚═╝╚══════╝╚══════╝    
%c
███████╗██████╗ ███████╗██╗████████╗ █████╗ ███████╗
██╔════╝██╔══██╗██╔════╝██║╚══██╔══╝██╔══██╗██╔════╝
█████╗  ██████╔╝█████╗  ██║   ██║   ███████║███████╗
██╔══╝  ██╔══██╗██╔══╝  ██║   ██║   ██╔══██║╚════██║
██║     ██║  ██║███████╗██║   ██║   ██║  ██║███████║
╚═╝     ╚═╝  ╚═╝╚══════╝╚═╝   ╚═╝   ╚═╝  ╚═╝╚══════╝
        %c%c color: #7e22ce; font: 400 1em monospace;  background-color: #d2ff00; color: black; font: 400 1em monospace; padding: 0.5em 0; font-weight: bold;  @ webpack-internal:///(app-pages-browser)/./src/context/GlobalContext/index.tsx:16
[    3525ms] [LOG] %c
 ██████╗  █████╗ ██████╗ ██████╗ ██╗███████╗██╗        
██╔════╝ ██╔══██╗██╔══██╗██╔══██╗██║██╔════╝██║         
██║  ███╗███████║██████╔╝██████╔╝██║█████╗  ██║         
██║   ██║██╔══██║██╔══██╗██╔══██╗██║██╔══╝  ██║         
╚██████╔╝██║  ██║██████╔╝██║  ██║██║███████╗███████╗    
 ╚═════╝ ╚═╝  ╚═╝╚═════╝ ╚═╝  ╚═╝╚═╝╚══════╝╚══════╝    
%c
███████╗██████╗ ███████╗██╗████████╗ █████╗ ███████╗
██╔════╝██╔══██╗██╔════╝██║╚══██╔══╝██╔══██╗██╔════╝
█████╗  ██████╔╝█████╗  ██║   ██║   ███████║███████╗
██╔══╝  ██╔══██╗██╔══╝  ██║   ██║   ██╔══██║╚════██║
██║     ██║  ██║███████╗██║   ██║   ██║  ██║███████║
╚═╝     ╚═╝  ╚═╝╚══════╝╚═╝   ╚═╝   ╚═╝  ╚═╝╚══════╝
        %c%c color: #7e22ce; font: 400 1em monospace;  background-color: #d2ff00; color: black; font: 400 1em monospace; padding: 0.5em 0; font-weight: bold;  @ webpack-internal:///(app-pages-browser)/./src/context/GlobalContext/index.tsx:16
[    7522ms] [WARNING] The width(-1) and height(-1) of chart should be greater than 0,
       please check the style of container, or the props width(100%) and height(100%),
       or add a minWidth(0) or minHeight(undefined) or use aspect(undefined) to control the
       height and width. @ webpack-internal:///(app-pages-browser)/./node_modules/recharts/es6/util/LogUtils.js:18
[    7523ms] [WARNING] The width(-1) and height(-1) of chart should be greater than 0,
       please check the style of container, or the props width(100%) and height(100%),
       or add a minWidth(0) or minHeight(undefined) or use aspect(undefined) to control the
       height and width. @ webpack-internal:///(app-pages-browser)/./node_modules/recharts/es6/util/LogUtils.js:18
[  302860ms] [LOG] [Fast Refresh] rebuilding @ webpack-internal:///(app-pages-browser)/./node_modules/next/dist/client/components/react-dev-overlay/app/hot-reloader-client.js:186
[  313935ms] [LOG] [Fast Refresh] done in 11076ms @ webpack-internal:///(app-pages-browser)/./node_modules/next/dist/client/components/react-dev-overlay/app/hot-reloader-client.js:43
[  501628ms] [LOG] [Fast Refresh] rebuilding @ webpack-internal:///(app-pages-browser)/./node_modules/next/dist/client/components/react-dev-overlay/app/hot-reloader-client.js:186
[  504753ms] [LOG] [Fast Refresh] rebuilding @ webpack-internal:///(app-pages-browser)/./node_modules/next/dist/client/components/react-dev-overlay/app/hot-reloader-client.js:186
[  504772ms] [LOG] [Fast Refresh] done in 18ms @ webpack-internal:///(app-pages-browser)/./node_modules/next/dist/client/components/react-dev-overlay/app/hot-reloader-client.js:43
[  506918ms] [WARNING] The width(-1) and height(-1) of chart should be greater than 0,
       please check the style of container, or the props width(100%) and height(100%),
       or add a minWidth(0) or minHeight(undefined) or use aspect(undefined) to control the
       height and width. @ webpack-internal:///(app-pages-browser)/./node_modules/recharts/es6/util/LogUtils.js:18
[  506918ms] [WARNING] The width(-1) and height(-1) of chart should be greater than 0,
       please check the style of container, or the props width(100%) and height(100%),
       or add a minWidth(0) or minHeight(undefined) or use aspect(undefined) to control the
       height and width. @ webpack-internal:///(app-pages-browser)/./node_modules/recharts/es6/util/LogUtils.js:18
[  507275ms] [LOG] [Fast Refresh] done in 2521ms @ webpack-internal:///(app-pages-browser)/./node_modules/next/dist/client/components/react-dev-overlay/app/hot-reloader-client.js:43
[  507483ms] [WARNING] The width(-1) and height(-1) of chart should be greater than 0,
       please check the style of container, or the props width(100%) and height(100%),
       or add a minWidth(0) or minHeight(undefined) or use aspect(undefined) to control the
       height and width. @ webpack-internal:///(app-pages-browser)/./node_modules/recharts/es6/util/LogUtils.js:18
[  507483ms] [WARNING] The width(-1) and height(-1) of chart should be greater than 0,
       please check the style of container, or the props width(100%) and height(100%),
       or add a minWidth(0) or minHeight(undefined) or use aspect(undefined) to control the
       height and width. @ webpack-internal:///(app-pages-browser)/./node_modules/recharts/es6/util/LogUtils.js:18
[  507519ms] [WARNING] The width(-1) and height(-1) of chart should be greater than 0,
       please check the style of container, or the props width(100%) and height(100%),
       or add a minWidth(0) or minHeight(undefined) or use aspect(undefined) to control the
       height and width. @ webpack-internal:///(app-pages-browser)/./node_modules/recharts/es6/util/LogUtils.js:18
[  507520ms] [WARNING] The width(-1) and height(-1) of chart should be greater than 0,
       please check the style of container, or the props width(100%) and height(100%),
       or add a minWidth(0) or minHeight(undefined) or use aspect(undefined) to control the
       height and width. @ webpack-internal:///(app-pages-browser)/./node_modules/recharts/es6/util/LogUtils.js:18
[  507571ms] [WARNING] The width(-1) and height(-1) of chart should be greater than 0,
       please check the style of container, or the props width(100%) and height(100%),
       or add a minWidth(0) or minHeight(undefined) or use aspect(undefined) to control the
       height and width. @ webpack-internal:///(app-pages-browser)/./node_modules/recharts/es6/util/LogUtils.js:18
[  507572ms] [WARNING] The width(-1) and height(-1) of chart should be greater than 0,
       please check the style of container, or the props width(100%) and height(100%),
       or add a minWidth(0) or minHeight(undefined) or use aspect(undefined) to control the
       height and width. @ webpack-internal:///(app-pages-browser)/./node_modules/recharts/es6/util/LogUtils.js:18
[  507648ms] [WARNING] The width(-1) and height(-1) of chart should be greater than 0,
       please check the style of container, or the props width(100%) and height(100%),
       or add a minWidth(0) or minHeight(undefined) or use aspect(undefined) to control the
       height and width. @ webpack-internal:///(app-pages-browser)/./node_modules/recharts/es6/util/LogUtils.js:18
[  507648ms] [WARNING] The width(-1) and height(-1) of chart should be greater than 0,
       please check the style of container, or the props width(100%) and height(100%),
       or add a minWidth(0) or minHeight(undefined) or use aspect(undefined) to control the
       height and width. @ webpack-internal:///(app-pages-browser)/./node_modules/recharts/es6/util/LogUtils.js:18
[  560780ms] [LOG] [Fast Refresh] rebuilding @ webpack-internal:///(app-pages-browser)/./node_modules/next/dist/client/components/react-dev-overlay/app/hot-reloader-client.js:186
[  564784ms] [LOG] [Fast Refresh] done in 4004ms @ webpack-internal:///(app-pages-browser)/./node_modules/next/dist/client/components/react-dev-overlay/app/hot-reloader-client.js:43
